[demos.creative-tim.com/material-kit-pro/pages/smart-home.html]
[demos.creative-tim.com/material-kit-pro/assets/img/apple-icon.png]
[backblue.gif]
[fade.gif]
[index.html]
[demos.creative-tim.com/material-kit-pro/assets/img/favicon.png]
[demos.creative-tim.com/material-kit-pro/assets/css/nucleo-icons.css]
[demos.creative-tim.com/material-kit-pro/assets/css/nucleo-svg.css]
[kit.fontawesome.com/42d5adcbca.js]
[demos.creative-tim.com/material-kit-pro/assets/css/material-kit-pro.min2513.css]
[www.google-analytics.com/analytics.js]
[demos.creative-tim.com/material-kit-pro/pages/coworking.html]
[demos.creative-tim.com/material-kit-pro/pages/rental.html]
[demos.creative-tim.com/material-kit-pro/pages/case-study.html]
[demos.creative-tim.com/material-kit-pro/pages/about-us.html]
[demos.creative-tim.com/material-kit-pro/pages/pricing.html]
[demos.creative-tim.com/material-kit-pro/pages/career.html]
[demos.creative-tim.com/material-kit-pro/pages/work-with-us.html]
[demos.creative-tim.com/material-kit-pro/pages/terms.html]
[demos.creative-tim.com/material-kit-pro/pages/help-center.html]
[demos.creative-tim.com/material-kit-pro/pages/help-center-basic.html]
[demos.creative-tim.com/material-kit-pro/pages/contact-us.html]
[demos.creative-tim.com/material-kit-pro/pages/contact-us-simple.html]
[demos.creative-tim.com/material-kit-pro/pages/faq.html]
[demos.creative-tim.com/material-kit-pro/pages/privacy.html]
[demos.creative-tim.com/material-kit-pro/pages/mobile-app.html]
[demos.creative-tim.com/material-kit-pro/pages/desktop-app.html]
[demos.creative-tim.com/material-kit-pro/pages/blog/single-article.html]
[demos.creative-tim.com/material-kit-pro/pages/blog/blog-posts.html]
[demos.creative-tim.com/material-kit-pro/pages/blog/categories.html]
[demos.creative-tim.com/material-kit-pro/pages/blog/author.html]
[demos.creative-tim.com/material-kit-pro/pages/automotive.html]
[demos.creative-tim.com/material-kit-pro/pages/virtual-reality.html]
[demos.creative-tim.com/material-kit-pro/pages/chat.html]
[demos.creative-tim.com/material-kit-pro/pages/product-page.html]
[demos.creative-tim.com/material-kit-pro/pages/sign-in/sign-in-cover.html]
[demos.creative-tim.com/material-kit-pro/pages/sign-in/sign-in-illustration.html]
[demos.creative-tim.com/material-kit-pro/pages/sign-in/sign-in-basic.html]
[demos.creative-tim.com/material-kit-pro/pages/sign-in/sign-in-simple.html]
[demos.creative-tim.com/material-kit-pro/pages/sign-up/sign-up-cover.html]
[demos.creative-tim.com/material-kit-pro/pages/sign-up/sign-up-illustration.html]
[demos.creative-tim.com/material-kit-pro/pages/sign-up/sign-up-basic.html]
[demos.creative-tim.com/material-kit-pro/pages/sign-up/sign-up-simple.html]
[demos.creative-tim.com/material-kit-pro/pages/reset/reset-cover.html]
[demos.creative-tim.com/material-kit-pro/pages/reset/reset-illustration.html]
[demos.creative-tim.com/material-kit-pro/pages/reset/reset-basic.html]
[demos.creative-tim.com/material-kit-pro/pages/error-404.html]
[demos.creative-tim.com/material-kit-pro/pages/error-500.html]
[demos.creative-tim.com/material-kit-pro/pages/coming-soon.html]
[demos.creative-tim.com/material-kit-pro/pages/2fa-security.html]
[demos.creative-tim.com/material-kit-pro/assets/img/bg-smart-home-1.jpg]
[demos.creative-tim.com/material-kit-pro/assets/img/nastuh.jpg]
[demos.creative-tim.com/material-kit-pro/assets/img/office-dark.jpg]
[demos.creative-tim.com/material-kit-pro/assets/img/small-logos/icon-sun-cloud.png]
[demos.creative-tim.com/material-kit-pro/assets/img/logo-ct-dark.png]
[demos.creative-tim.com/material-kit-pro/assets/js/core/popper.min.js]
[demos.creative-tim.com/material-kit-pro/assets/js/core/bootstrap.min.js]
[demos.creative-tim.com/material-kit-pro/assets/js/plugins/perfect-scrollbar.min.js]
[demos.creative-tim.com/material-kit-pro/assets/js/plugins/typedjs.js]
[demos.creative-tim.com/material-kit-pro/assets/js/plugins/parallax.min.js]
[demos.creative-tim.com/material-kit-pro/assets/js/plugins/nouislider.min.js]
[demos.creative-tim.com/material-kit-pro/assets/js/plugins/anime.min.js]
[demos.creative-tim.com/material-kit-pro/assets/js/plugins/countup.min.js]
[demos.creative-tim.com/material-kit-pro/assets/js/plugins/chartjs.min.js]
[demos.creative-tim.com/material-kit-pro/assets/js/plugins/round-slider.min.js]
[buttons.github.io/buttons.js]
[demos.creative-tim.com/material-kit-pro/assets/js/material-kit-pro.min2513.js]
[demos.creative-tim.com/material-kit-pro/pages/smart-home.html]
[s3.amazonaws.com/creativetim_bucket/products/414/thumb/opt_mds_thumbnail.png]
[demos.creative-tim.com/material-kit-pro/assets/css/nucleo-icons.css]
[demos.creative-tim.com/material-kit-pro/assets/css/nucleo-svg.css]
[demos.creative-tim.com/material-kit-pro/assets/css/images/layers.png]
[demos.creative-tim.com/material-kit-pro/assets/css/images/layers-2x.png]
[demos.creative-tim.com/material-kit-pro/assets/css/images/marker-icon.png]
[demos.creative-tim.com/material-kit-pro/assets/css/material-kit-pro.min2513.css]
[www.googletagmanager.com/gtm5445.html]
[demos.creative-tim.com/material-kit-pro/pages/coworking.html]
[demos.creative-tim.com/material-kit-pro/assets/img/products/product-2-min.jpg]
[demos.creative-tim.com/material-kit-pro/assets/img/products/product-1-min.jpg]
[demos.creative-tim.com/material-kit-pro/assets/img/products/product-3-min.jpg]
[demos.creative-tim.com/material-kit-pro/assets/img/products/product-5-min.jpg]
[demos.creative-tim.com/material-kit-pro/assets/img/products/product-6-min.jpg]
[demos.creative-tim.com/material-kit-pro/assets/img/products/product-7-min.jpg]
[demos.creative-tim.com/material-kit-pro/assets/img/team-2.jpg]
[demos.creative-tim.com/material-kit-pro/assets/img/team-3.jpg]
[demos.creative-tim.com/material-kit-pro/assets/img/team-4.jpg]
[demos.creative-tim.com/material-kit-pro/assets/js/plugins/choices.min.js]
[demos.creative-tim.com/material-kit-pro/assets/js/plugins/flatpickr.min.js]
[demos.creative-tim.com/material-kit-pro/pages/rental.html]
[demos.creative-tim.com/material-kit-pro/assets/js/plugins/tilt.min.js]
[demos.creative-tim.com/material-kit-pro/pages/case-study.html]
[demos.creative-tim.com/material-kit-pro/assets/img/bg9.jpg]
[demos.creative-tim.com/material-kit-pro/assets/img/team-5.jpg]
[demos.creative-tim.com/material-kit-pro/assets/img/bruce-mars.jpg]
[demos.creative-tim.com/material-kit-pro/assets/img/ivana-squares.jpg]
[demos.creative-tim.com/material-kit-pro/assets/img/ivana-square.jpg]
[demos.creative-tim.com/material-kit-pro/assets/img/macbook.png]
[demos.creative-tim.com/material-kit-pro/pages/about-us.html]
[demos.creative-tim.com/material-kit-pro/assets/img/bg2.jpg]
[demos.creative-tim.com/material-kit-pro/assets/img/bg.jpg]
[demos.creative-tim.com/material-kit-pro/assets/img/dg1.jpg]
[demos.creative-tim.com/material-kit-pro/assets/img/examples/clem-onojegaw.jpg]
[demos.creative-tim.com/material-kit-pro/assets/img/examples/studio-3.jpg]
[demos.creative-tim.com/material-kit-pro/pages/pricing.html]
[demos.creative-tim.com/material-kit-pro/assets/img/examples/blog1.jpg]
[demos.creative-tim.com/material-kit-pro/assets/img/examples/blog2.jpg]
[demos.creative-tim.com/material-kit-pro/assets/img/examples/blog3.jpg]
[demos.creative-tim.com/material-kit-pro/assets/js/plugins/rellax.min.js]
[demos.creative-tim.com/material-kit-pro/pages/career.html]
[demos.creative-tim.com/material-kit-pro/assets/img/examples/clem-onojeghuou.jpg]
[demos.creative-tim.com/material-kit-pro/assets/img/examples/card-project5.jpg]
[demos.creative-tim.com/material-kit-pro/pages/work-with-us.html]
[demos.creative-tim.com/material-kit-pro/assets/js/plugins/smooth-scroll.min.js]
[demos.creative-tim.com/material-kit-pro/pages/terms.html]
[demos.creative-tim.com/material-kit-pro/assets/img/bg3.jpg]
[demos.creative-tim.com/material-kit-pro/assets/img/examples/color1.jpg]
[demos.creative-tim.com/material-kit-pro/assets/img/examples/color3.jpg]
[demos.creative-tim.com/material-kit-pro/pages/help-center.html]
[demos.creative-tim.com/material-kit-pro/pages/help-center-basic.html]
[demos.creative-tim.com/material-kit-pro/assets/img/illustrations/illustration-signin.jpg]
[demos.creative-tim.com/material-kit-pro/pages/contact-us.html]
[demos.creative-tim.com/material-kit-pro/pages/contact-us-simple.html]
[demos.creative-tim.com/material-kit-pro/pages/faq.html]
[demos.creative-tim.com/material-kit-pro/pages/privacy.html]
[demos.creative-tim.com/cdn-cgi/scripts/5c5dd728/cloudflare-static/email-decode.min.js]
[demos.creative-tim.com/material-kit-pro/assets/img/iphones.png]
[demos.creative-tim.com/material-kit-pro/assets/img/marie.jpg]
[demos.creative-tim.com/material-kit-pro/pages/mobile-app.html]
[demos.creative-tim.com/material-kit-pro/assets/img/macbook-2.png]
[demos.creative-tim.com/material-kit-pro/pages/desktop-app.html]
[demos.creative-tim.com/material-kit-pro/assets/img/bg5.jpg]
[demos.creative-tim.com/material-kit-pro/assets/img/examples/color2.jpg]
[demos.creative-tim.com/material-kit-pro/pages/blog/single-article.html]
[demos.creative-tim.com/material-kit-pro/assets/img/bg10.jpg]
[demos.creative-tim.com/material-kit-pro/assets/img/dg2.jpg]
[demos.creative-tim.com/material-kit-pro/assets/img/dg3.jpg]
[demos.creative-tim.com/material-kit-pro/assets/img/examples/blog-post-3.jpg]
[demos.creative-tim.com/material-kit-pro/assets/img/examples/blog-post-1.jpg]
[demos.creative-tim.com/material-kit-pro/assets/img/examples/blog-post-2.jpg]
[raw.githubusercontent.com/creativetimofficial/public-assets/master/soft-ui-design-system/assets/img/team-9.jpg]
[demos.creative-tim.com/material-kit-pro/assets/img/examples/blog-9-4.jpg]
[raw.githubusercontent.com/creativetimofficial/public-assets/master/soft-ui-design-system/assets/img/freedom.jpg]
[demos.creative-tim.com/material-kit-pro/assets/img/examples/blog-9-1.jpg]
[demos.creative-tim.com/material-kit-pro/assets/img/examples/blog-post-6.jpg]
[demos.creative-tim.com/material-kit-pro/pages/blog/blog-posts.html]
[demos.creative-tim.com/material-kit-pro/pages/blog/categories.html]
[demos.creative-tim.com/material-kit-pro/assets/img/city-profile.jpg]
[demos.creative-tim.com/material-kit-pro/assets/img/examples/testimonial-6-2.jpg]
[demos.creative-tim.com/material-kit-pro/assets/img/examples/testimonial-6-3.jpg]
[demos.creative-tim.com/material-kit-pro/pages/blog/author.html]
[demos.creative-tim.com/material-kit-pro/assets/img/automotive/amg-gt.png]
[demos.creative-tim.com/material-kit-pro/assets/img/automotive/g-amg.png]
[demos.creative-tim.com/material-kit-pro/assets/img/automotive/s-maybach.png]
[demos.creative-tim.com/material-kit-pro/assets/img/automotive/glc.png]
[demos.creative-tim.com/material-kit-pro/assets/img/automotive/cls.png]
[piataauto.md/_i/nwg/201709-10157djxp/750/201709-10157-cjsby-I99W6A2s7n.jpg]
[demos.creative-tim.com/material-kit-pro/assets/js/plugins/glide.min.js]
[demos.creative-tim.com/material-kit-pro/pages/automotive.html]
[demos.creative-tim.com/material-kit-pro/assets/img/vr-bg.jpg]
[demos.creative-tim.com/material-kit-pro/assets/img/team-1.jpg]
[demos.creative-tim.com/material-kit-pro/pages/virtual-reality.html]
[demos.creative-tim.com/material-kit-pro/assets/img/bg0.jpg]
[demos.creative-tim.com/material-kit-pro/pages/chat.html]
[demos.creative-tim.com/material-kit-pro/assets/img/bg6.jpg]
[demos.creative-tim.com/material-kit-pro/assets/img/examples/product2.png]
[demos.creative-tim.com/material-kit-pro/assets/img/examples/product3.png]
[demos.creative-tim.com/material-kit-pro/assets/img/examples/product1.jpg]
[demos.creative-tim.com/material-kit-pro/assets/img/examples/product4.jpg]
[demos.creative-tim.com/material-kit-pro/assets/img/examples/card-product1.jpg]
[demos.creative-tim.com/material-kit-pro/assets/img/examples/card-product3.jpg]
[demos.creative-tim.com/material-kit-pro/assets/img/examples/card-product4.jpg]
[demos.creative-tim.com/material-kit-pro/assets/img/examples/card-product2.jpg]
[demos.creative-tim.com/material-kit-pro/assets/js/plugins/photoswipe.min.js]
[demos.creative-tim.com/material-kit-pro/assets/js/plugins/photoswipe-ui-default.min.js]
[demos.creative-tim.com/material-kit-pro/pages/product-page.html]
[demos.creative-tim.com/material-kit-pro/pages/sign-in/sign-in-cover.html]
[demos.creative-tim.com/material-kit-pro/pages/sign-in/sign-in-illustration.html]
[demos.creative-tim.com/material-kit-pro/pages/sign-in/sign-in-basic.html]
[demos.creative-tim.com/material-kit-pro/pages/sign-in/sign-in-simple.html]
[demos.creative-tim.com/material-kit-pro/pages/sign-up/sign-up-cover.html]
[demos.creative-tim.com/material-kit-pro/assets/img/illustrations/illustration-signup.jpg]
[demos.creative-tim.com/material-kit-pro/pages/sign-up/sign-up-illustration.html]
[demos.creative-tim.com/material-kit-pro/pages/sign-up/sign-up-basic.html]
[demos.creative-tim.com/material-kit-pro/pages/sign-up/sign-up-simple.html]
[demos.creative-tim.com/material-kit-pro/pages/reset/reset-cover.html]
[demos.creative-tim.com/material-kit-pro/assets/img/illustrations/illustration-reset.jpg]
[demos.creative-tim.com/material-kit-pro/pages/reset/reset-illustration.html]
[demos.creative-tim.com/material-kit-pro/pages/reset/reset-basic.html]
[demos.creative-tim.com/material-kit-pro/pages/error-404.html]
[demos.creative-tim.com/material-kit-pro/pages/error-500.html]
[demos.creative-tim.com/material-kit-pro/pages/coming-soon.html]
[demos.creative-tim.com/material-kit-pro/pages/2fa-security.html]
[demos.creative-tim.com/material-kit-pro/assets/css/images/layers.html]
[demos.creative-tim.com/material-kit-pro/assets/css/images/layers-2x.html]
[demos.creative-tim.com/material-kit-pro/assets/css/images/marker-icon.html]
